1/640 rgb_images; action=4, justification=4, both=False
2/640 pose_images; action=4, justification=4, both=False
3/640 segmentation_images; action=4, justification=4, both=False
4/640 depth_images; action=4, justification=4, both=False
5/640 all_images; action=4, justification=4, both=False
6/640 repeat1_images; action=4, justification=4, both=False
7/640 repeat3_images; action=4, justification=4, both=False
8/640 shuffled_all_images; action=4, justification=4, both=False
9/640 rgb_descriptions; action=4, justification=4, both=False
10/640 pose_descriptions; action=4, justification=4, both=False
11/640 segmentation_descriptions; action=4, justification=4, both=False
12/640 depth_descriptions; action=4, justification=4, both=False
13/640 all_descriptions; action=4, justification=4, both=False
14/640 repeat1_descriptions; action=4, justification=4, both=False
15/640 repeat3_descriptions; action=4, justification=4, both=False
16/640 shuffled_all_descriptions; action=4, justification=4, both=False
17/640 rgb_images; action=1, justification=1, both=True
18/640 pose_images; action=1, justification=1, both=True
19/640 segmentation_images; action=1, justification=1, both=True
20/640 depth_images; action=1, justification=1, both=True
21/640 all_images; action=1, justification=1, both=True
22/640 repeat1_images; action=1, justification=1, both=True
23/640 repeat3_images; action=1, justification=1, both=True
24/640 shuffled_all_images; action=1, justification=1, both=True
25/640 rgb_descriptions; action=1, justification=1, both=True
26/640 pose_descriptions; action=1, justification=1, both=True
27/640 segmentation_descriptions; action=1, justification=1, both=True
28/640 depth_descriptions; action=1, justification=1, both=True
29/640 all_descriptions; action=1, justification=1, both=True
30/640 repeat1_descriptions; action=1, justification=1, both=True
31/640 repeat3_descriptions; action=1, justification=1, both=True
32/640 shuffled_all_descriptions; action=1, justification=1, both=True
33/640 rgb_images; action=4, justification=4, both=False
34/640 pose_images; action=4, justification=4, both=False
35/640 segmentation_images; action=4, justification=4, both=False
36/640 depth_images; action=4, justification=4, both=False
37/640 all_images; action=4, justification=4, both=False
38/640 repeat1_images; action=4, justification=4, both=False
39/640 repeat3_images; action=4, justification=4, both=False
40/640 shuffled_all_images; action=4, justification=4, both=False
41/640 rgb_descriptions; action=4, justification=4, both=False
42/640 pose_descriptions; action=4, justification=4, both=False
43/640 segmentation_descriptions; action=4, justification=4, both=False
44/640 depth_descriptions; action=4, justification=4, both=False
45/640 all_descriptions; action=4, justification=4, both=False
46/640 repeat1_descriptions; action=4, justification=4, both=False
47/640 repeat3_descriptions; action=4, justification=4, both=False
48/640 shuffled_all_descriptions; action=4, justification=4, both=False
49/640 rgb_images; action=4, justification=4, both=False
50/640 pose_images; action=4, justification=4, both=False
51/640 segmentation_images; action=4, justification=4, both=False
52/640 depth_images; action=4, justification=4, both=False
53/640 all_images; action=4, justification=4, both=False
54/640 repeat1_images; action=4, justification=4, both=False
55/640 repeat3_images; action=4, justification=4, both=False
56/640 shuffled_all_images; action=4, justification=4, both=False
57/640 rgb_descriptions; action=4, justification=4, both=False
58/640 pose_descriptions; action=4, justification=4, both=False
59/640 segmentation_descriptions; action=4, justification=4, both=False
60/640 depth_descriptions; action=4, justification=4, both=False
61/640 all_descriptions; action=4, justification=4, both=False
62/640 repeat1_descriptions; action=4, justification=4, both=False
63/640 repeat3_descriptions; action=4, justification=4, both=False
64/640 shuffled_all_descriptions; action=4, justification=4, both=False
65/640 rgb_images; action=4, justification=4, both=False
66/640 pose_images; action=4, justification=4, both=False
67/640 segmentation_images; action=4, justification=4, both=False
68/640 depth_images; action=4, justification=4, both=False
69/640 all_images; action=4, justification=4, both=False
70/640 repeat1_images; action=4, justification=4, both=False
71/640 repeat3_images; action=4, justification=4, both=False
72/640 shuffled_all_images; action=4, justification=4, both=False
73/640 rgb_descriptions; action=4, justification=4, both=False
74/640 pose_descriptions; action=4, justification=4, both=False
75/640 segmentation_descriptions; action=4, justification=4, both=False
76/640 depth_descriptions; action=4, justification=4, both=False
77/640 all_descriptions; action=4, justification=4, both=False
78/640 repeat1_descriptions; action=4, justification=4, both=False
79/640 repeat3_descriptions; action=4, justification=4, both=False
80/640 shuffled_all_descriptions; action=4, justification=4, both=False
81/640 rgb_images; action=4, justification=4, both=False
82/640 pose_images; action=0, justification=4, both=False
83/640 segmentation_images; action=0, justification=4, both=False
84/640 depth_images; action=0, justification=4, both=False
85/640 all_images; action=0, justification=4, both=False
86/640 repeat1_images; action=0, justification=4, both=False
87/640 repeat3_images; action=0, justification=4, both=False
88/640 shuffled_all_images; action=0, justification=4, both=False
89/640 rgb_descriptions; action=0, justification=4, both=False
90/640 pose_descriptions; action=4, justification=4, both=False
91/640 segmentation_descriptions; action=0, justification=4, both=False
92/640 depth_descriptions; action=0, justification=4, both=False
93/640 all_descriptions; action=0, justification=4, both=False
94/640 repeat1_descriptions; action=0, justification=4, both=False
95/640 repeat3_descriptions; action=0, justification=4, both=False
96/640 shuffled_all_descriptions; action=0, justification=4, both=False
97/640 rgb_images; action=4, justification=4, both=False
98/640 pose_images; action=4, justification=4, both=False
99/640 segmentation_images; action=4, justification=4, both=False
100/640 depth_images; action=4, justification=4, both=False
101/640 all_images; action=4, justification=4, both=False
102/640 repeat1_images; action=4, justification=4, both=False
103/640 repeat3_images; action=4, justification=4, both=False
104/640 shuffled_all_images; action=4, justification=4, both=False
105/640 rgb_descriptions; action=4, justification=4, both=False
106/640 pose_descriptions; action=4, justification=4, both=False
107/640 segmentation_descriptions; action=4, justification=4, both=False
108/640 depth_descriptions; action=4, justification=4, both=False
109/640 all_descriptions; action=4, justification=4, both=False
110/640 repeat1_descriptions; action=4, justification=4, both=False
111/640 repeat3_descriptions; action=4, justification=4, both=False
112/640 shuffled_all_descriptions; action=4, justification=4, both=False
113/640 rgb_images; action=4, justification=4, both=False
114/640 pose_images; action=4, justification=4, both=False
115/640 segmentation_images; action=4, justification=4, both=False
116/640 depth_images; action=4, justification=4, both=False
117/640 all_images; action=4, justification=4, both=False
118/640 repeat1_images; action=4, justification=4, both=False
119/640 repeat3_images; action=4, justification=4, both=False
120/640 shuffled_all_images; action=4, justification=4, both=False
121/640 rgb_descriptions; action=4, justification=4, both=False
122/640 pose_descriptions; action=4, justification=4, both=False
123/640 segmentation_descriptions; action=4, justification=4, both=False
124/640 depth_descriptions; action=4, justification=4, both=False
125/640 all_descriptions; action=4, justification=4, both=False
126/640 repeat1_descriptions; action=4, justification=4, both=False
127/640 repeat3_descriptions; action=4, justification=4, both=False
128/640 shuffled_all_descriptions; action=4, justification=4, both=False
129/640 rgb_images; action=4, justification=4, both=False
130/640 pose_images; action=4, justification=4, both=False
131/640 segmentation_images; action=4, justification=4, both=False
132/640 depth_images; action=4, justification=4, both=False
133/640 all_images; action=4, justification=4, both=False
134/640 repeat1_images; action=4, justification=4, both=False
135/640 repeat3_images; action=4, justification=4, both=False
136/640 shuffled_all_images; action=4, justification=4, both=False
137/640 rgb_descriptions; action=4, justification=4, both=False
138/640 pose_descriptions; action=4, justification=4, both=False
139/640 segmentation_descriptions; action=4, justification=4, both=False
140/640 depth_descriptions; action=4, justification=4, both=False
141/640 all_descriptions; action=0, justification=0, both=True
142/640 repeat1_descriptions; action=4, justification=4, both=False
143/640 repeat3_descriptions; action=4, justification=4, both=False
144/640 shuffled_all_descriptions; action=4, justification=4, both=False
145/640 rgb_images; action=4, justification=4, both=False
146/640 pose_images; action=4, justification=4, both=False
147/640 segmentation_images; action=4, justification=4, both=False
148/640 depth_images; action=4, justification=4, both=False
149/640 all_images; action=4, justification=4, both=False
150/640 repeat1_images; action=4, justification=4, both=False
151/640 repeat3_images; action=4, justification=4, both=False
152/640 shuffled_all_images; action=4, justification=4, both=False
153/640 rgb_descriptions; action=4, justification=4, both=False
154/640 pose_descriptions; action=4, justification=4, both=False
155/640 segmentation_descriptions; action=4, justification=4, both=False
156/640 depth_descriptions; action=4, justification=4, both=False
157/640 all_descriptions; action=4, justification=4, both=False
158/640 repeat1_descriptions; action=4, justification=4, both=False
159/640 repeat3_descriptions; action=4, justification=4, both=False
160/640 shuffled_all_descriptions; action=4, justification=4, both=False
161/640 rgb_images; action=4, justification=4, both=False
162/640 pose_images; action=4, justification=4, both=False
163/640 segmentation_images; action=4, justification=4, both=False
164/640 depth_images; action=4, justification=4, both=False
165/640 all_images; action=4, justification=4, both=False
166/640 repeat1_images; action=4, justification=4, both=False
167/640 repeat3_images; action=4, justification=4, both=False
168/640 shuffled_all_images; action=4, justification=4, both=False
169/640 rgb_descriptions; action=4, justification=4, both=False
170/640 pose_descriptions; action=4, justification=4, both=False
171/640 segmentation_descriptions; action=4, justification=4, both=False
172/640 depth_descriptions; action=4, justification=4, both=False
173/640 all_descriptions; action=4, justification=4, both=False
174/640 repeat1_descriptions; action=4, justification=4, both=False
175/640 repeat3_descriptions; action=4, justification=4, both=False
176/640 shuffled_all_descriptions; action=4, justification=4, both=False
177/640 rgb_images; action=4, justification=4, both=False
178/640 pose_images; action=4, justification=4, both=False
179/640 segmentation_images; action=4, justification=4, both=False
180/640 depth_images; action=4, justification=4, both=False
181/640 all_images; action=4, justification=4, both=False
182/640 repeat1_images; action=4, justification=4, both=False
183/640 repeat3_images; action=4, justification=4, both=False
184/640 shuffled_all_images; action=4, justification=4, both=False
185/640 rgb_descriptions; action=4, justification=4, both=False
186/640 pose_descriptions; action=4, justification=4, both=False
187/640 segmentation_descriptions; action=4, justification=4, both=False
188/640 depth_descriptions; action=4, justification=4, both=False
189/640 all_descriptions; action=4, justification=4, both=False
190/640 repeat1_descriptions; action=4, justification=4, both=False
191/640 repeat3_descriptions; action=4, justification=4, both=False
192/640 shuffled_all_descriptions; action=4, justification=4, both=False
193/640 rgb_images; action=4, justification=4, both=False
194/640 pose_images; action=4, justification=4, both=False
195/640 segmentation_images; action=4, justification=4, both=False
196/640 depth_images; action=4, justification=4, both=False
197/640 all_images; action=4, justification=4, both=False
198/640 repeat1_images; action=4, justification=4, both=False
199/640 repeat3_images; action=4, justification=4, both=False
200/640 shuffled_all_images; action=4, justification=4, both=False
201/640 rgb_descriptions; action=4, justification=4, both=False
202/640 pose_descriptions; action=4, justification=4, both=False
203/640 segmentation_descriptions; action=4, justification=4, both=False
204/640 depth_descriptions; action=4, justification=4, both=False
205/640 all_descriptions; action=4, justification=4, both=False
206/640 repeat1_descriptions; action=4, justification=4, both=False
207/640 repeat3_descriptions; action=4, justification=4, both=False
208/640 shuffled_all_descriptions; action=4, justification=4, both=False
209/640 rgb_images; action=4, justification=4, both=False
210/640 pose_images; action=4, justification=4, both=False
211/640 segmentation_images; action=4, justification=4, both=False
212/640 depth_images; action=4, justification=4, both=False
213/640 all_images; action=4, justification=4, both=False
214/640 repeat1_images; action=4, justification=4, both=False
215/640 repeat3_images; action=4, justification=4, both=False
216/640 shuffled_all_images; action=4, justification=4, both=False
217/640 rgb_descriptions; action=4, justification=4, both=False
218/640 pose_descriptions; action=4, justification=4, both=False
219/640 segmentation_descriptions; action=4, justification=4, both=False
220/640 depth_descriptions; action=4, justification=4, both=False
221/640 all_descriptions; action=4, justification=4, both=False
222/640 repeat1_descriptions; action=4, justification=4, both=False
223/640 repeat3_descriptions; action=4, justification=4, both=False
224/640 shuffled_all_descriptions; action=4, justification=4, both=False
225/640 rgb_images; action=4, justification=4, both=False
226/640 pose_images; action=4, justification=4, both=False
227/640 segmentation_images; action=4, justification=4, both=False
228/640 depth_images; action=4, justification=4, both=False
229/640 all_images; action=4, justification=4, both=False
230/640 repeat1_images; action=4, justification=4, both=False
231/640 repeat3_images; action=4, justification=4, both=False
232/640 shuffled_all_images; action=4, justification=4, both=False
233/640 rgb_descriptions; action=4, justification=4, both=False
234/640 pose_descriptions; action=4, justification=4, both=False
235/640 segmentation_descriptions; action=4, justification=4, both=False
236/640 depth_descriptions; action=4, justification=4, both=False
237/640 all_descriptions; action=4, justification=4, both=False
238/640 repeat1_descriptions; action=4, justification=4, both=False
239/640 repeat3_descriptions; action=4, justification=4, both=False
240/640 shuffled_all_descriptions; action=4, justification=4, both=False
241/640 rgb_images; action=3, justification=3, both=True
242/640 pose_images; action=3, justification=3, both=True
243/640 segmentation_images; action=3, justification=3, both=True
244/640 depth_images; action=3, justification=3, both=True
245/640 all_images; action=3, justification=3, both=True
246/640 repeat1_images; action=3, justification=3, both=True
247/640 repeat3_images; action=3, justification=3, both=True
248/640 shuffled_all_images; action=3, justification=3, both=True
249/640 rgb_descriptions; action=3, justification=3, both=True
250/640 pose_descriptions; action=3, justification=3, both=True
251/640 segmentation_descriptions; action=3, justification=3, both=True
252/640 depth_descriptions; action=3, justification=3, both=True
253/640 all_descriptions; action=3, justification=3, both=True
254/640 repeat1_descriptions; action=3, justification=3, both=True
255/640 repeat3_descriptions; action=3, justification=3, both=True
256/640 shuffled_all_descriptions; action=3, justification=3, both=True
257/640 rgb_images; action=4, justification=4, both=False
258/640 pose_images; action=4, justification=4, both=False
259/640 segmentation_images; action=4, justification=4, both=False
260/640 depth_images; action=4, justification=4, both=False
261/640 all_images; action=4, justification=4, both=False
262/640 repeat1_images; action=4, justification=4, both=False
263/640 repeat3_images; action=4, justification=4, both=False
264/640 shuffled_all_images; action=4, justification=4, both=False
265/640 rgb_descriptions; action=4, justification=4, both=False
266/640 pose_descriptions; action=4, justification=4, both=False
267/640 segmentation_descriptions; action=4, justification=4, both=False
268/640 depth_descriptions; action=4, justification=4, both=False
269/640 all_descriptions; action=4, justification=4, both=False
270/640 repeat1_descriptions; action=4, justification=4, both=False
271/640 repeat3_descriptions; action=4, justification=4, both=False
272/640 shuffled_all_descriptions; action=4, justification=4, both=False
273/640 rgb_images; action=4, justification=4, both=False
274/640 pose_images; action=4, justification=4, both=False
275/640 segmentation_images; action=4, justification=4, both=False
276/640 depth_images; action=4, justification=4, both=False
277/640 all_images; action=4, justification=4, both=False
278/640 repeat1_images; action=4, justification=4, both=False
279/640 repeat3_images; action=4, justification=4, both=False
280/640 shuffled_all_images; action=4, justification=4, both=False
281/640 rgb_descriptions; action=4, justification=4, both=False
282/640 pose_descriptions; action=4, justification=4, both=False
283/640 segmentation_descriptions; action=4, justification=4, both=False
284/640 depth_descriptions; action=4, justification=4, both=False
285/640 all_descriptions; action=4, justification=4, both=False
286/640 repeat1_descriptions; action=4, justification=4, both=False
287/640 repeat3_descriptions; action=4, justification=4, both=False
288/640 shuffled_all_descriptions; action=4, justification=4, both=False
289/640 rgb_images; action=4, justification=4, both=False
290/640 pose_images; action=4, justification=4, both=False
291/640 segmentation_images; action=2, justification=2, both=True
292/640 depth_images; action=2, justification=2, both=True
293/640 all_images; action=2, justification=2, both=True
294/640 repeat1_images; action=4, justification=4, both=False
295/640 repeat3_images; action=4, justification=4, both=False
296/640 shuffled_all_images; action=2, justification=2, both=True
297/640 rgb_descriptions; action=4, justification=4, both=False
298/640 pose_descriptions; action=4, justification=4, both=False
299/640 segmentation_descriptions; action=4, justification=4, both=False
300/640 depth_descriptions; action=4, justification=4, both=False
301/640 all_descriptions; action=4, justification=4, both=False
302/640 repeat1_descriptions; action=4, justification=4, both=False
303/640 repeat3_descriptions; action=4, justification=4, both=False
304/640 shuffled_all_descriptions; action=4, justification=4, both=False
305/640 rgb_images; action=4, justification=4, both=False
306/640 pose_images; action=4, justification=4, both=False
307/640 segmentation_images; action=4, justification=4, both=False
308/640 depth_images; action=4, justification=4, both=False
309/640 all_images; action=4, justification=4, both=False
310/640 repeat1_images; action=4, justification=4, both=False
311/640 repeat3_images; action=4, justification=4, both=False
312/640 shuffled_all_images; action=4, justification=4, both=False
313/640 rgb_descriptions; action=4, justification=4, both=False
314/640 pose_descriptions; action=4, justification=4, both=False
315/640 segmentation_descriptions; action=4, justification=4, both=False
316/640 depth_descriptions; action=4, justification=4, both=False
317/640 all_descriptions; action=4, justification=4, both=False
318/640 repeat1_descriptions; action=4, justification=4, both=False
319/640 repeat3_descriptions; action=4, justification=4, both=False
320/640 shuffled_all_descriptions; action=4, justification=4, both=False
321/640 rgb_images; action=4, justification=4, both=False
322/640 pose_images; action=4, justification=4, both=False
323/640 segmentation_images; action=4, justification=4, both=False
324/640 depth_images; action=4, justification=4, both=False
325/640 all_images; action=4, justification=4, both=False
326/640 repeat1_images; action=4, justification=4, both=False
327/640 repeat3_images; action=4, justification=4, both=False
328/640 shuffled_all_images; action=1, justification=1, both=True
329/640 rgb_descriptions; action=4, justification=4, both=False
330/640 pose_descriptions; action=4, justification=4, both=False
331/640 segmentation_descriptions; action=4, justification=4, both=False
332/640 depth_descriptions; action=4, justification=4, both=False
333/640 all_descriptions; action=4, justification=4, both=False
334/640 repeat1_descriptions; action=4, justification=4, both=False
335/640 repeat3_descriptions; action=4, justification=4, both=False
336/640 shuffled_all_descriptions; action=4, justification=4, both=False
337/640 rgb_images; action=1, justification=1, both=False
338/640 pose_images; action=1, justification=1, both=False
339/640 segmentation_images; action=1, justification=1, both=False
340/640 depth_images; action=1, justification=1, both=False
341/640 all_images; action=1, justification=1, both=False
342/640 repeat1_images; action=1, justification=1, both=False
343/640 repeat3_images; action=1, justification=1, both=False
344/640 shuffled_all_images; action=1, justification=1, both=False
345/640 rgb_descriptions; action=1, justification=1, both=False
346/640 pose_descriptions; action=1, justification=1, both=False
347/640 segmentation_descriptions; action=1, justification=1, both=False
348/640 depth_descriptions; action=1, justification=1, both=False
349/640 all_descriptions; action=1, justification=1, both=False
350/640 repeat1_descriptions; action=1, justification=1, both=False
351/640 repeat3_descriptions; action=1, justification=1, both=False
352/640 shuffled_all_descriptions; action=1, justification=1, both=False
353/640 rgb_images; action=3, justification=3, both=False
354/640 pose_images; action=3, justification=3, both=False
355/640 segmentation_images; action=3, justification=3, both=False
356/640 depth_images; action=3, justification=3, both=False
357/640 all_images; action=3, justification=3, both=False
358/640 repeat1_images; action=3, justification=3, both=False
359/640 repeat3_images; action=3, justification=3, both=False
360/640 shuffled_all_images; action=3, justification=3, both=False
361/640 rgb_descriptions; action=3, justification=3, both=False
362/640 pose_descriptions; action=3, justification=3, both=False
363/640 segmentation_descriptions; action=3, justification=3, both=False
364/640 depth_descriptions; action=3, justification=3, both=False
365/640 all_descriptions; action=3, justification=3, both=False
366/640 repeat1_descriptions; action=3, justification=3, both=False
367/640 repeat3_descriptions; action=3, justification=3, both=False
368/640 shuffled_all_descriptions; action=3, justification=3, both=False
369/640 rgb_images; action=4, justification=4, both=False
370/640 pose_images; action=4, justification=4, both=False
371/640 segmentation_images; action=4, justification=4, both=False
372/640 depth_images; action=4, justification=4, both=False
373/640 all_images; action=4, justification=4, both=False
374/640 repeat1_images; action=4, justification=4, both=False
375/640 repeat3_images; action=4, justification=4, both=False
376/640 shuffled_all_images; action=4, justification=4, both=False
377/640 rgb_descriptions; action=4, justification=4, both=False
378/640 pose_descriptions; action=4, justification=4, both=False
379/640 segmentation_descriptions; action=4, justification=4, both=False
380/640 depth_descriptions; action=4, justification=4, both=False
381/640 all_descriptions; action=4, justification=4, both=False
382/640 repeat1_descriptions; action=4, justification=4, both=False
383/640 repeat3_descriptions; action=4, justification=4, both=False
384/640 shuffled_all_descriptions; action=4, justification=4, both=False
385/640 rgb_images; action=4, justification=4, both=False
386/640 pose_images; action=4, justification=4, both=False
387/640 segmentation_images; action=4, justification=4, both=False
388/640 depth_images; action=4, justification=4, both=False
389/640 all_images; action=4, justification=4, both=False
390/640 repeat1_images; action=4, justification=4, both=False
391/640 repeat3_images; action=4, justification=4, both=False
392/640 shuffled_all_images; action=4, justification=4, both=False
393/640 rgb_descriptions; action=4, justification=4, both=False
394/640 pose_descriptions; action=4, justification=4, both=False
395/640 segmentation_descriptions; action=4, justification=4, both=False
396/640 depth_descriptions; action=4, justification=4, both=False
397/640 all_descriptions; action=4, justification=4, both=False
398/640 repeat1_descriptions; action=4, justification=4, both=False
399/640 repeat3_descriptions; action=4, justification=4, both=False
400/640 shuffled_all_descriptions; action=4, justification=4, both=False
401/640 rgb_images; action=4, justification=4, both=False
402/640 pose_images; action=4, justification=4, both=False
403/640 segmentation_images; action=4, justification=4, both=False
404/640 depth_images; action=4, justification=4, both=False
405/640 all_images; action=4, justification=4, both=False
406/640 repeat1_images; action=4, justification=4, both=False
407/640 repeat3_images; action=4, justification=4, both=False
408/640 shuffled_all_images; action=4, justification=4, both=False
409/640 rgb_descriptions; action=4, justification=4, both=False
410/640 pose_descriptions; action=4, justification=4, both=False
411/640 segmentation_descriptions; action=4, justification=4, both=False
412/640 depth_descriptions; action=4, justification=4, both=False
413/640 all_descriptions; action=4, justification=4, both=False
414/640 repeat1_descriptions; action=4, justification=4, both=False
415/640 repeat3_descriptions; action=4, justification=4, both=False
416/640 shuffled_all_descriptions; action=4, justification=4, both=False
417/640 rgb_images; action=4, justification=4, both=False
418/640 pose_images; action=4, justification=4, both=False
419/640 segmentation_images; action=4, justification=4, both=False
420/640 depth_images; action=4, justification=4, both=False
421/640 all_images; action=4, justification=4, both=False
422/640 repeat1_images; action=4, justification=4, both=False
423/640 repeat3_images; action=4, justification=4, both=False
424/640 shuffled_all_images; action=4, justification=4, both=False
425/640 rgb_descriptions; action=4, justification=4, both=False
426/640 pose_descriptions; action=4, justification=4, both=False
427/640 segmentation_descriptions; action=4, justification=4, both=False
428/640 depth_descriptions; action=4, justification=4, both=False
429/640 all_descriptions; action=4, justification=4, both=False
430/640 repeat1_descriptions; action=4, justification=4, both=False
431/640 repeat3_descriptions; action=4, justification=4, both=False
432/640 shuffled_all_descriptions; action=4, justification=4, both=False
433/640 rgb_images; action=4, justification=4, both=False
434/640 pose_images; action=4, justification=4, both=False
435/640 segmentation_images; action=4, justification=4, both=False
436/640 depth_images; action=4, justification=4, both=False
437/640 all_images; action=4, justification=4, both=False
438/640 repeat1_images; action=4, justification=4, both=False
439/640 repeat3_images; action=4, justification=4, both=False
440/640 shuffled_all_images; action=4, justification=4, both=False
441/640 rgb_descriptions; action=4, justification=4, both=False
442/640 pose_descriptions; action=4, justification=4, both=False
443/640 segmentation_descriptions; action=4, justification=4, both=False
444/640 depth_descriptions; action=4, justification=4, both=False
445/640 all_descriptions; action=4, justification=4, both=False
446/640 repeat1_descriptions; action=4, justification=4, both=False
447/640 repeat3_descriptions; action=4, justification=4, both=False
448/640 shuffled_all_descriptions; action=4, justification=4, both=False
449/640 rgb_images; action=4, justification=4, both=False
450/640 pose_images; action=4, justification=4, both=False
451/640 segmentation_images; action=4, justification=4, both=False
452/640 depth_images; action=4, justification=4, both=False
453/640 all_images; action=4, justification=4, both=False
454/640 repeat1_images; action=4, justification=4, both=False
455/640 repeat3_images; action=4, justification=4, both=False
456/640 shuffled_all_images; action=4, justification=4, both=False
457/640 rgb_descriptions; action=4, justification=4, both=False
458/640 pose_descriptions; action=4, justification=4, both=False
459/640 segmentation_descriptions; action=4, justification=4, both=False
460/640 depth_descriptions; action=4, justification=4, both=False
461/640 all_descriptions; action=4, justification=4, both=False
462/640 repeat1_descriptions; action=4, justification=4, both=False
463/640 repeat3_descriptions; action=4, justification=4, both=False
464/640 shuffled_all_descriptions; action=4, justification=4, both=False
465/640 rgb_images; action=4, justification=4, both=False
466/640 pose_images; action=4, justification=4, both=False
467/640 segmentation_images; action=4, justification=4, both=False
468/640 depth_images; action=4, justification=4, both=False
469/640 all_images; action=4, justification=4, both=False
470/640 repeat1_images; action=4, justification=4, both=False
471/640 repeat3_images; action=4, justification=4, both=False
472/640 shuffled_all_images; action=4, justification=4, both=False
473/640 rgb_descriptions; action=4, justification=4, both=False
474/640 pose_descriptions; action=4, justification=4, both=False
475/640 segmentation_descriptions; action=4, justification=4, both=False
476/640 depth_descriptions; action=4, justification=4, both=False
477/640 all_descriptions; action=4, justification=4, both=False
478/640 repeat1_descriptions; action=4, justification=4, both=False
479/640 repeat3_descriptions; action=4, justification=4, both=False
480/640 shuffled_all_descriptions; action=4, justification=4, both=False
481/640 rgb_images; action=0, justification=4, both=False
482/640 pose_images; action=0, justification=4, both=False
483/640 segmentation_images; action=0, justification=4, both=False
484/640 depth_images; action=0, justification=4, both=False
485/640 all_images; action=0, justification=4, both=False
486/640 repeat1_images; action=0, justification=4, both=False
487/640 repeat3_images; action=0, justification=4, both=False
488/640 shuffled_all_images; action=0, justification=4, both=False
489/640 rgb_descriptions; action=0, justification=4, both=False
490/640 pose_descriptions; action=0, justification=4, both=False
491/640 segmentation_descriptions; action=0, justification=4, both=False
492/640 depth_descriptions; action=0, justification=4, both=False
493/640 all_descriptions; action=0, justification=4, both=False
494/640 repeat1_descriptions; action=0, justification=4, both=False
495/640 repeat3_descriptions; action=0, justification=4, both=False
496/640 shuffled_all_descriptions; action=0, justification=4, both=False
497/640 rgb_images; action=2, justification=2, both=True
498/640 pose_images; action=2, justification=2, both=True
499/640 segmentation_images; action=2, justification=2, both=True
500/640 depth_images; action=2, justification=2, both=True
501/640 all_images; action=2, justification=2, both=True
502/640 repeat1_images; action=2, justification=2, both=True
503/640 repeat3_images; action=2, justification=2, both=True
504/640 shuffled_all_images; action=2, justification=2, both=True
505/640 rgb_descriptions; action=4, justification=4, both=False
506/640 pose_descriptions; action=4, justification=4, both=False
507/640 segmentation_descriptions; action=4, justification=4, both=False
508/640 depth_descriptions; action=4, justification=4, both=False
509/640 all_descriptions; action=4, justification=4, both=False
510/640 repeat1_descriptions; action=4, justification=4, both=False
511/640 repeat3_descriptions; action=4, justification=4, both=False
512/640 shuffled_all_descriptions; action=4, justification=4, both=False
513/640 rgb_images; action=4, justification=4, both=False
514/640 pose_images; action=4, justification=4, both=False
515/640 segmentation_images; action=4, justification=4, both=False
516/640 depth_images; action=4, justification=4, both=False
517/640 all_images; action=4, justification=4, both=False
518/640 repeat1_images; action=4, justification=4, both=False
519/640 repeat3_images; action=4, justification=4, both=False
520/640 shuffled_all_images; action=4, justification=4, both=False
521/640 rgb_descriptions; action=4, justification=4, both=False
522/640 pose_descriptions; action=4, justification=4, both=False
523/640 segmentation_descriptions; action=4, justification=4, both=False
524/640 depth_descriptions; action=4, justification=4, both=False
525/640 all_descriptions; action=4, justification=4, both=False
526/640 repeat1_descriptions; action=4, justification=4, both=False
527/640 repeat3_descriptions; action=4, justification=4, both=False
528/640 shuffled_all_descriptions; action=4, justification=4, both=False
529/640 rgb_images; action=4, justification=4, both=False
530/640 pose_images; action=4, justification=4, both=False
531/640 segmentation_images; action=4, justification=4, both=False
532/640 depth_images; action=4, justification=4, both=False
533/640 all_images; action=4, justification=4, both=False
534/640 repeat1_images; action=4, justification=4, both=False
535/640 repeat3_images; action=4, justification=4, both=False
536/640 shuffled_all_images; action=4, justification=4, both=False
537/640 rgb_descriptions; action=4, justification=4, both=False
538/640 pose_descriptions; action=4, justification=4, both=False
539/640 segmentation_descriptions; action=4, justification=4, both=False
540/640 depth_descriptions; action=4, justification=4, both=False
541/640 all_descriptions; action=4, justification=4, both=False
542/640 repeat1_descriptions; action=4, justification=4, both=False
543/640 repeat3_descriptions; action=4, justification=4, both=False
544/640 shuffled_all_descriptions; action=4, justification=4, both=False
545/640 rgb_images; action=4, justification=4, both=False
546/640 pose_images; action=4, justification=4, both=False
547/640 segmentation_images; action=4, justification=4, both=False
548/640 depth_images; action=4, justification=4, both=False
549/640 all_images; action=4, justification=4, both=False
550/640 repeat1_images; action=4, justification=4, both=False
551/640 repeat3_images; action=4, justification=4, both=False
552/640 shuffled_all_images; action=4, justification=4, both=False
553/640 rgb_descriptions; action=4, justification=4, both=False
554/640 pose_descriptions; action=4, justification=4, both=False
555/640 segmentation_descriptions; action=4, justification=4, both=False
556/640 depth_descriptions; action=4, justification=4, both=False
557/640 all_descriptions; action=4, justification=4, both=False
558/640 repeat1_descriptions; action=4, justification=4, both=False
559/640 repeat3_descriptions; action=4, justification=4, both=False
560/640 shuffled_all_descriptions; action=4, justification=4, both=False
561/640 rgb_images; action=4, justification=4, both=False
562/640 pose_images; action=4, justification=4, both=False
/opt/homebrew/Cellar/python@3.11/3.11.15_3/Frameworks/Python.framework/Versions/3.11/lib/python3.11/multiprocessing/resource_tracker.py:254: UserWarning: resource_tracker: There appear to be 1 leaked semaphore objects to clean up at shutdown
  warnings.warn('resource_tracker: There appear to be %d '
